My jinja2 content with var: my name

My ENDING jinja2 content with var: my name