
<!-- file test/views/template.j2 parsed at ##2015-03-21T15:01:09+01:00## -->

<p>A simple variable `username`:</p>
my name

<p>A boolean test `boolval`:</p>

  "boolval" is true


<p>A loop over a table `table`:</p>
<ul>

  <li>one</li>

  <li>two</li>

  <li>3</li>

  <li>[object Object]</li>

</ul>

<p>An object item variable `object.index`:</p>
one

<p>A loop over an object `object`:</p>
<ul>

  <li>first_index value is: one</li>

  <li>second_index value is: two</li>

  <li>third_index value is: 3</li>

  <li>fourth_index value is: four</li>

</ul>

<p>Inclusion of a "partial" template `template-partial.j2`:</p>

<!-- file test/views/template-partial.j2 parsed at ##2015-03-21T15:01:09+01:00## -->

<p>A simple variable from the YAML data `yaml_item1`:</p>
my value

<p>An HTML string `yaml_html`:</p>
An <strong>HTML</strong> string to <em>test</em> <a href="#">escaping</a> ...


<p>An HTML string escaped `yaml_html`:</p>
An &lt;strong&gt;HTML&lt;/strong&gt; string to &lt;em&gt;test&lt;/em&gt; &lt;a href=&quot;#&quot;&gt;escaping&lt;/a&gt; ...


<p>An HTML string safed `yaml_html`:</p>
An <strong>HTML</strong> string to <em>test</em> <a href="#">escaping</a> ...



<p>Inclusion of a "partial" template with no extension `template-partial-2`:</p>

<!-- file test/views/template-partial-2.txt parsed at ##2015-03-21T15:01:09+01:00## -->

<p>A simple variable from the YAML data `yaml_item1`:</p>
my value

<p>An HTML string `yaml_html`:</p>
An <strong>HTML</strong> string to <em>test</em> <a href="#">escaping</a> ...


<p>An HTML string escaped `yaml_html`:</p>
An &lt;strong&gt;HTML&lt;/strong&gt; string to &lt;em&gt;test&lt;/em&gt; &lt;a href=&quot;#&quot;&gt;escaping&lt;/a&gt; ...


<p>An HTML string safed `yaml_html`:</p>
An <strong>HTML</strong> string to <em>test</em> <a href="#">escaping</a> ...



<p>A simple user variable `username_user`:</p>



<!-- file test/views/template-partial.j2 parsed at ##2015-03-21T15:01:09+01:00## -->

<p>A simple variable from the YAML data `yaml_item1`:</p>
my value

<p>An HTML string `yaml_html`:</p>
An <strong>HTML</strong> string to <em>test</em> <a href="#">escaping</a> ...


<p>An HTML string escaped `yaml_html`:</p>
An &lt;strong&gt;HTML&lt;/strong&gt; string to &lt;em&gt;test&lt;/em&gt; &lt;a href=&quot;#&quot;&gt;escaping&lt;/a&gt; ...


<p>An HTML string safed `yaml_html`:</p>
An <strong>HTML</strong> string to <em>test</em> <a href="#">escaping</a> ...

